// Jest Snapshot v1, https://goo.gl/fbAQLP

exports[`Alert renders correctly 1`] = `
<div
  className="w-full opacity-0 p-0 flex items-center text-red-500 bg-red-100 rounded-lg shadow"
  style={Object {}}
>
  <div
    className="text-sm font-normal"
  >
    alert message
  </div>
</div>
`;
